###############################################################################
#
# IAR C/C++ Compiler V7.12.3.989/W32 for MSP430           10/Oct/2019  18:49:25
# Copyright 1996-2019 IAR Systems AB.
# PC-locked license - IAR Embedded Workbench for Texas Instruments MSP430, 8K KickStart Edition 7.12
#
#    __rt_version  =  3
#    __double_size =  32
#    __reg_r4      =  free
#    __reg_r5      =  free
#    __pic         =  no
#    __core        =  430X
#    __data_model  =  small
#    __code_model  =  large
#    Source file   =  Z:\Applications\306\Project 05\move.c
#    Command line  =  
#        -f C:\Users\MOUNAR~1\AppData\Local\Temp\EWF04C.tmp
#        ("Z:\Applications\306\Project 05\move.c" -lC
#        "Z:\Applications\306\Project 05\Debug\List" -o
#        "Z:\Applications\306\Project 05\Debug\Obj" --no_cse --no_unroll
#        --no_inline --no_code_motion --no_tbaa --debug -D__MSP430FR2355__ -e
#        --double=32 --dlib_config "C:\Program Files (x86)\IAR Systems\Embedded
#        Workbench 8.0\430\lib\dlib\dl430xlsfn.h" -I ./\ --core=430X
#        --data_model=small -On --multiplier=32 --hw_workaround=CPU40
#        --code_model=large)
#    Locale        =  English_USA.1252
#    List file     =  Z:\Applications\306\Project 05\Debug\List\move.lst
#    Object file   =  Z:\Applications\306\Project 05\Debug\Obj\move.r43
#
###############################################################################

Z:\Applications\306\Project 05\move.c
      1          #include  "macros.h"
      2          #include  "functions.h"
      3          #include  "msp430.h"
      4          #include  <string.h>
      5          

   \                                 In  segment CODE, align 2
      6          void MoveF(void)
   \                     MoveF:
      7          {
      8            
      9          }
   \   000000   1001         RETA

   Maximum stack usage in bytes:

   CSTACK Function
   ------ --------
      4   MoveF


   Segment part sizes:

   Bytes  Function/Label
   -----  --------------
       2  MoveF

 
 2 bytes in segment CODE
 
 2 bytes of CODE memory

Errors: none
Warnings: none
